Fetching chapter index from project page...
Triggering chapter-list lazy-load...
Waiting for freeChapters to populate...
Found 1242 chapters (range 1–1242)
Wrote manifest with 1242 chapters → /Users/macbook/Documents/webnovel/light-novel-reader/public/chapters/index.json
10 chapter files already on disk; resuming.
Will scrape 666 chapters this run (range 577–∞).
✓ [11/1242] Ch.577: 577 — It Seems A Bit Too Healthy (1)
✓ [12/1242] Ch.578: 578 — It Seems A Bit Too Healthy (2)
✓ [13/1242] Ch.579: 579 — It Seems A Bit Too Healthy (3)
✓ [14/1242] Ch.580: 580 — It Seems A Bit Too Healthy (4)
✓ [15/1242] Ch.581: 581 — Getting Back Isn't Enough (1)
✓ [16/1242] Ch.582: 582 — Getting Back Isn't Enough (2)
✓ [17/1242] Ch.583: 583 — Getting Back Isn't Enough (3)
✓ [18/1242] Ch.584: 584 — Getting Back Isn't Enough (4)
✓ [19/1242] Ch.585: 585 — Getting Back Isn't Enough (5)
✓ [20/1242] Ch.586: 586 — If A Man Pulls The Sword Out, Then At Least Cut The Head Off (1)
✓ [21/1242] Ch.587: 587 — If A Man Pulls The Sword Out, Then At Least Cut The Head Off (2)
✓ [22/1242] Ch.588: 588 — If A Man Pulls The Sword Out, Then At Least Cut The Head Off (3)
✓ [23/1242] Ch.589: 589 — If A Man Pulls The Sword Out, Then At Least Cut The Head Off (4)
✓ [24/1242] Ch.590: 590 — If A Man Pulls The Sword Out, Then At Least Cut The Head Off (5)
✓ [25/1242] Ch.591: 591 — If A Man Pulls The Sword Out, Then At Least Cut The Head Off (6)
✓ [26/1242] Ch.592: 592 — You Lose Something When You Need To Gain Something (1)
✓ [27/1242] Ch.593: 593 — You Lose Something When You Need To Gain Something (2)
✓ [28/1242] Ch.594: 594 — You Lose Something When You Need To Gain Something (3)
✓ [29/1242] Ch.595: 595 — You Lose Something When You Need To Gain Something (4)
✓ [30/1242] Ch.596: 596 — You Lose Something When You Need To Gain Something (5)
✓ [31/1242] Ch.597: 597 — You Lose Something When You Need To Gain Something (6)
✓ [32/1242] Ch.598: 598 — Don't The Nine Great Sect Bastards Deserve To Get Cursed More? (
✓ [33/1242] Ch.599: 599 — Don't The Nine Great Sect Bastards Deserve To Get Cursed More? (
✓ [34/1242] Ch.600: 600 — Don't The Nine Great Sect Bastards Deserve To Get Cursed More? (
✓ [35/1242] Ch.601: 601 — You Want To Do Something, Be Definite Of It (1)
✓ [36/1242] Ch.602: 602 — You Want To Do Something, Be Definite Of It (2)
✓ [37/1242] Ch.603: 603 — You Want To Do Something, Be Definite Of It (3)
✓ [38/1242] Ch.604: 604 — You Want To Do Something, Be Definite Of It (4)
✓ [39/1242] Ch.605: 605 — You Want To Do Something, Be Definite Of It (5)
✓ [40/1242] Ch.606: 606 — Mountains Have A Meaning Only When You Climb Them (1)
✓ [41/1242] Ch.607: 607 — Mountains Have A Meaning Only When You Climb Them (2)
✓ [42/1242] Ch.608: 608 — Mountains Have A Meaning Only When You Climb Them (3)
✓ [43/1242] Ch.609: 609 — Mountains Have A Meaning Only When You Climb Them (4)
✓ [44/1242] Ch.610: 610 — Mountains Have A Meaning Only When You Climb Them (5)
✓ [45/1242] Ch.611: 611 — I Do Not Know Anything About Class! (1)
✓ [46/1242] Ch.612: 612 — I Do Not Know Anything About Class! (2)
✓ [47/1242] Ch.613: 613 — I Do Not Know Anything About Class! (3)
✓ [48/1242] Ch.614: 614 — I Do Not Know Anything About Class! (4)
✓ [49/1242] Ch.615: 615 — I Do Not Know Anything About Class! (5)
✓ [50/1242] Ch.616: 616 — Because It Is The Sword Which Represents Mount Hua (1)
✓ [51/1242] Ch.617: 617 — Because It Is The Sword Which Represents Mount Hua (2)
✓ [52/1242] Ch.618: 618 — Because It Is The Sword Which Represents Mount Hua (3)
✓ [53/1242] Ch.619: 619 — Because It Is The Sword Which Represents Mount Hua (4)
✓ [54/1242] Ch.620: 620 — Because It Is The Sword Which Represents Mount Hua (5)
✓ [55/1242] Ch.621: 621 — We Cut It Down With Pride (1)
✓ [56/1242] Ch.622: 622 — We Cut It Down With Pride (2)
✓ [57/1242] Ch.623: 623 — We Cut It Down With Pride (3)
✓ [58/1242] Ch.624: 624 — We Cut It Down With Pride (4)
✓ [59/1242] Ch.625: 625 — We Cut It Down With Pride (5)
✓ [60/1242] Ch.626: 626 — Glad To Be A Disciple Of Mount Hua (1)
✓ [61/1242] Ch.627: 627 — Glad To Be A Disciple Of Mount Hua (2)
✓ [62/1242] Ch.628: 628 — Glad To Be A Disciple Of Mount Hua (3)
✓ [63/1242] Ch.629: 629 — Glad To Be A Disciple Of Mount Hua (4)
✓ [64/1242] Ch.630: 630 — Glad To Be A Disciple Of Mount Hua (5)
✓ [65/1242] Ch.631: 631 — There Are Defeats Which Are More Valuable Than Victory (1)
✓ [66/1242] Ch.632: 632 — There Are Defeats Which Are More Valuable Than Victory (2)
✓ [67/1242] Ch.633: 633 — There Are Defeats Which Are More Valuable Than Victory (3)
✓ [68/1242] Ch.634: 634 — There Are Defeats Which Are More Valuable Than Victory (4)
✓ [69/1242] Ch.635: 635 — There Are Defeats Which Are More Valuable Than Victory (5)
✓ [70/1242] Ch.636: 636 — Let Us Continue. Because This Is Just The Start. (1)
✓ [71/1242] Ch.637: 637 — Let Us Continue. Because This Is Just The Start. (2)
✓ [72/1242] Ch.638: 638 — Let Us Continue. Because This Is Just The Start. (3)
✓ [73/1242] Ch.639: 639 — Let Us Continue. Because This Is Just The Start. (4)
✓ [74/1242] Ch.640: 640 — Let Us Continue. Because This Is Just The Start. (5)
✓ [75/1242] Ch.641: 641 — I Learned Greatly, All Thanks To You (1)
✓ [76/1242] Ch.642: 642 — I Learned Greatly, All Thanks To You. (2)
✓ [77/1242] Ch.643: 643 — I Learned Greatly, All Thanks To You. (3)
✓ [78/1242] Ch.644: 644 — I Learned Greatly, All Thanks To You. (4)
✓ [79/1242] Ch.645: 645 — I Learned Greatly, All Thanks To You. (5)
✓ [80/1242] Ch.646: 646 — The More You Win, The More Enemies You Have. (1)
✓ [81/1242] Ch.647: 647 — The More You Win, The More Enemies You Have. (2)
✓ [82/1242] Ch.648: 648 — The More You Win, The More Enemies You Have. (3)
✓ [83/1242] Ch.649: 649 — The More You Win, The More Enemies You Have. (4)
✓ [84/1242] Ch.650: 650 — The More You Win, The More Enemies You Have. (5)
✓ [85/1242] Ch.651: 651 — The More You Win, The More Enemies You Have. (6)
✓ [86/1242] Ch.652: 652 — When You Die, Then Rest As Much As You Want! (1)
✓ [87/1242] Ch.653: 653 — When You Die, Then Rest As Much As You Want! (2)
✓ [88/1242] Ch.654: 654 — When You Die, Then Rest As Much As You Want! (3)
✓ [89/1242] Ch.655: 655 — When You Die, Then Rest As Much As You Want! (4)
✓ [90/1242] Ch.656: 656 — Why Are So Many Coming Over? (1)
✓ [91/1242] Ch.657: 657 — Why Are So Many Coming Over? (2)
✓ [92/1242] Ch.658: 658 — Why Are So Many Coming Over? (3)
✓ [93/1242] Ch.659: 659 — Why Are So Many Coming Over? (4)
✓ [94/1242] Ch.660: 660 — Why Are So Many Coming Over? (5)
✓ [95/1242] Ch.661: 661 — Who Touched This? (1)
✓ [96/1242] Ch.662: 662 — Who Touched This? (2)
✓ [97/1242] Ch.663: 663 — Who Touched This? (3)
✓ [98/1242] Ch.664: 664 — Who Touched This? (4)
✓ [99/1242] Ch.665: 665 — Who Touched This? (5)
✓ [100/1242] Ch.666: 666 — Who Touched This? (6)
✓ [101/1242] Ch.667: 667 — I Am The Owner, So Why Am I Apologizing? (1)
✓ [102/1242] Ch.668: 668 — I Am The Owner, So Why Am I Apologizing? (2)
✓ [103/1242] Ch.669: 669 — I Am The Owner, So Why Am I Apologizing? (3)
✓ [104/1242] Ch.670: 670 — I Am The Owner, So Why Am I Apologizing? (4)
✓ [105/1242] Ch.671: 671 — Everyone Here (1)
✓ [106/1242] Ch.672: 672 — Everyone Here (2)
✓ [107/1242] Ch.673: 673 — Everyone Here (3)
✓ [108/1242] Ch.674: 674 — Everyone Here (4)
✓ [109/1242] Ch.675: 675 — Everyone Here (5)
✓ [110/1242] Ch.676: 676 — What Is This Place! (1)
✓ [111/1242] Ch.677: 677 — What Is This Place! (2)
✓ [112/1242] Ch.678: 678 — What Is This Place! (3)
✓ [113/1242] Ch.679: 679 — What Is This Place! (4)
✓ [114/1242] Ch.680: 680 — What Is This Place! (5)
✓ [115/1242] Ch.681: 681 — I Look Forward To That Day. (1)
✓ [116/1242] Ch.682: 682 — I Look Forward To That Day. (2)
✓ [117/1242] Ch.683: 683 — I Look Forward To That Day (3)
✓ [118/1242] Ch.684: 684 — I Look Forward To That Day (4)
✓ [119/1242] Ch.685: 685 — I Look Forward To That Day (5)
✓ [120/1242] Ch.686: 686 — I Look Forward To That Day (6)
✓ [121/1242] Ch.687: 687 — The World Isn't Lived Alone (1)
✓ [122/1242] Ch.688: 688 — The World Isn't Lived Alone. (2)
✓ [123/1242] Ch.689: 689 — The World Isn't Lived Alone (3)
✓ [124/1242] Ch.690: 690 — The World Isn't Lived Alone (4)
✓ [125/1242] Ch.691: 691 — Impersonate What Now? (1)
✓ [126/1242] Ch.692: 692 — Impersonate What Now? (2)
✓ [127/1242] Ch.693: 693 — Impersonate What Now? (3)
✓ [128/1242] Ch.694: 694 — Impersonate What Now? (4)
✓ [129/1242] Ch.695: 695 — Impersonate What Now? (5)
✓ [130/1242] Ch.696: 696 — Have You Heard Of The Plum Blossom Swordsman? (1)
✓ [131/1242] Ch.697: 697 — Have You Heard Of The Plum Blossom Swordsman? (2)
✓ [132/1242] Ch.698: 698 — Have You Heard Of The Plum Blossom Swordsman? (3)
✓ [133/1242] Ch.699: 699 — Have You Heard Of The Plum Blossom Swordsman? (4)
✓ [134/1242] Ch.700: 700 — Have You Heard Of The Plum Blossom Swordsman? (5)
✓ [135/1242] Ch.701: 701 — Who Is The Bastard From Mount Hua? (1)
✓ [136/1242] Ch.702: 702 — Who Is The Bastard From Mount Hua? (2)
✓ [137/1242] Ch.703: 703 — Who Is The Bastard From Mount Hua? (3)
✓ [138/1242] Ch.704: 704 — Who Is The Bastard From Mount Hua? (4)
✓ [139/1242] Ch.705: 705 — Who Is The Bastard From Mount Hua? (5)
✓ [140/1242] Ch.706: 706 — I Need To Confirm (1)
✓ [141/1242] Ch.707: 707 — I Need To Confirm (2)
✓ [142/1242] Ch.708: 708 — I Need To Confirm (3)
✓ [143/1242] Ch.709: 709 — I Need To Confirm (4)
✓ [144/1242] Ch.710: 710 — I Need To Confirm (5)
✓ [145/1242] Ch.711: 711 — I Need To Confirm (6)
✓ [146/1242] Ch.712: 712 — Let's Head Back Together (1)
✓ [147/1242] Ch.713: 713 — Let's Head Back Together (2)
✓ [148/1242] Ch.714: 714 — Let's Head Back Together (3)
✓ [149/1242] Ch.715: 715 — Let’s Head Back Together (4)
✓ [150/1242] Ch.716: 716 — Let's Head Back Together (5)
✓ [151/1242] Ch.717: 717 — So You Were Here (1)
✓ [152/1242] Ch.718: 718 — So You Were Here (2)
✓ [153/1242] Ch.719: 719 — So You Were Here (3)
✓ [154/1242] Ch.720: 720 — So You Were Here (4)
✓ [155/1242] Ch.721: 721 — I Am Back (1)
✓ [156/1242] Ch.722: 722 — I Am Back (2)
✓ [157/1242] Ch.723: 723 — I Am Back (3)
✓ [158/1242] Ch.724: 724 — I Am Back (4)
✓ [159/1242] Ch.725: 725 — I Am Back (5)
✓ [160/1242] Ch.726: 726 — It Can Be A Lot More Wonderful! (1)
✓ [161/1242] Ch.727: 727 — It Can Be A Lot More Wonderful! (2)
✓ [162/1242] Ch.728: 728 — It Can Be A Lot More Wonderful! (3)
✓ [163/1242] Ch.729: 729 — It Can Be A Lot More Wonderful! (4)
✓ [164/1242] Ch.730: 730 — It Can Be A Lot More Wonderful! (5)
✓ [165/1242] Ch.731: 731 — I Am Doing This All For Your Good (1)
✓ [166/1242] Ch.732: 732 — I Am Doing This All For Your Good (2)
✓ [167/1242] Ch.733: 733 — I Am Doing This All For Your Good (3)
✓ [168/1242] Ch.734: 734 — I Am Doing This All For Your Good (4)
✓ [169/1242] Ch.735: 735 — I Am Doing This All For Your Good (5)
✓ [170/1242] Ch.736: 736 — Will The Ghosts Come, Or Monsters Come? (1)
✓ [171/1242] Ch.737: 737 — Will The Ghosts Come, Or Monsters Come? (2)
✓ [172/1242] Ch.738: 738 — Will The Ghosts Come, Or  Monsters Come? (3)
✓ [173/1242] Ch.739: 739 — Will The Ghosts Come, Or Monsters Come? (4)
✓ [174/1242] Ch.740: 740 — Will The Ghosts Come, Or Monsters Come? (5)
✓ [175/1242] Ch.741: 741 — Who Touched What? (1)
✓ [176/1242] Ch.742: 742 — Who Touched What? (2)
✓ [177/1242] Ch.743: 743 — Who Touched What? (3)
✓ [178/1242] Ch.744: 744 — Who Touched What? (4)
✓ [179/1242] Ch.745: 745 — Who Touched What? (5)
✓ [180/1242] Ch.746: 746 — No One Can Stop Me! (1)
✓ [181/1242] Ch.747: 747 — No One Can Stop Me! (2)
✓ [182/1242] Ch.748: 748 — No One Can Stop Me! (3)
✓ [183/1242] Ch.749: 749 — No One Can Stop Me! (4)
✓ [184/1242] Ch.750: 750 — No One Can Stop Me! (4)
✓ [185/1242] Ch.751: 751 — The Disciple Is Fine! (1)
✓ [186/1242] Ch.752: 752 — The Disciple Is Fine! (2)
✓ [187/1242] Ch.753: 753 — The Disciple Is Fine! (3)
✓ [188/1242] Ch.754: 754 — The Disciple Is Fine! (4)
✓ [189/1242] Ch.755: 755 — The Disciple Is Fine! (5)
✓ [190/1242] Ch.756: 756 — If You Die, You DIE! (1)
✓ [191/1242] Ch.757: 757 — If You Die, You DIE! (2)
✓ [192/1242] Ch.758: 758 — If You Die, You DIE! (3)
✓ [193/1242] Ch.759: 759 — If You Die, You DIE! (4)
✓ [194/1242] Ch.760: 760 — If You Die, You DIE! (5)
✓ [195/1242] Ch.761: 761 — Sasuk! I Keep Hearing Things! (1)
✓ [196/1242] Ch.762: 762 — Sasuk! I Keep Hearing Things! (2)
✓ [197/1242] Ch.763: 763 — Sasuk! I Keep Hearing Things! (3)
✓ [198/1242] Ch.764: 764 — Sasuk! I Keep Hearing Things! (4)
✓ [199/1242] Ch.765: 765 — Sasuk! I Keep Hearing Things! (5)
✓ [200/1242] Ch.766: 766 — Ugh, At Least Listen To What People Say! (1)
✓ [201/1242] Ch.767: 767 — Ugh, At Least Listen To What People Say! (2)
✓ [202/1242] Ch.768: 768 — Ugh, At Least Listen To What People Say! (3)
✓ [203/1242] Ch.769: 769 — Ugh, At Least Listen To What People Say! (4)
✓ [204/1242] Ch.770: 770 — Ugh, At Least Listen To What People Say! (5)
✓ [205/1242] Ch.771: 771 — If You Fall Behind, You All Die! (1)
✓ [206/1242] Ch.772: 772 — If You Fall Behind, You All Die! (2)
✓ [207/1242] Ch.773: 773 — If You Fall Behind, You All Die! (3)
✓ [208/1242] Ch.774: 774 — If You Fall Behind, You All Die! (4)
✓ [209/1242] Ch.775: 775 — If You Fall Behind, You All Die! (5)
✓ [210/1242] Ch.776: 776 — If You Fall Behind, You All Die! (6)
✓ [211/1242] Ch.777: 777 — Life Is Innately Painful (1)
✓ [212/1242] Ch.778: 778 — Life Is Innately Painful (2)
✓ [213/1242] Ch.779: 779 — Life Is Innately Painful (3)
✓ [214/1242] Ch.780: 780 — Life Is Innately Painful (4)
✓ [215/1242] Ch.781: 781 — Let's Go Die Somewhere And Have Fun (1)
✓ [216/1242] Ch.782: 782 — Let's Go Die Somewhere And Have Fun (2)
✓ [217/1242] Ch.783: 783 — Let's Go Die Somewhere And Have Fun (3)
✓ [218/1242] Ch.784: 784 — Let's Go Die Somewhere And Have Fun (4)
✓ [219/1242] Ch.785: 785 — Let's Go Die Somewhere And Have Fun (5)
✓ [220/1242] Ch.786: 786 — Either Live Like A Dog Or Die Like A Wolf (1)
✓ [221/1242] Ch.787: 787 — Either Live Like A Dog Or Die Like A Wolf (2)
✓ [222/1242] Ch.788: 788 — Either Live Like A Dog Or Die Like A Wolf (3)
✓ [223/1242] Ch.789: 789 — Either Live Like A Dog Or Die Like A Wolf (4)
✓ [224/1242] Ch.790: 790 — Either Live Like A Dog Or Die Like A Wolf (5)
✓ [225/1242] Ch.791: 791 — Only He Is Worthy (1)
✓ [226/1242] Ch.792: 792 — Only He Is Worthy (2)
✓ [227/1242] Ch.793: 793 — Only He Is Worthy (3)
✓ [228/1242] Ch.794: 794 — Only He Is Worthy (4)
✓ [229/1242] Ch.795: 795 — Only He Is Worthy (5)
✓ [230/1242] Ch.796: 796 — If You Are Handsome And Pathetic, You Are One Real Loser (1)
✓ [231/1242] Ch.797: 797 — If You Are Handsome And Pathetic, You Are One Real Loser (2)
✓ [232/1242] Ch.798: 798 — If You Are Handsome And Pathetic, You Are One Real Loser (3)
✓ [233/1242] Ch.799: 799 — If You Are Handsome And Pathetic, You Are One Real Loser (4)
✓ [234/1242] Ch.800: 800 — If You Are Handsome And Pathetic, You Are One Real Loser (5)
✓ [235/1242] Ch.801: 801 — Yah! Get Me Some Extra Booze! (1)
✓ [236/1242] Ch.802: 802 — Yah! Get Me Some Extra Booze! (2)
✓ [237/1242] Ch.803: 803 — Yah! Get Me Some Extra Booze! (3)
✓ [238/1242] Ch.804: 804 — Yah! Get Me Some Extra Booze! (4)
✓ [239/1242] Ch.805: 805 — Yah! Get Me Some Extra Booze! (5)
✓ [240/1242] Ch.806: 806 — It Is So Fucking Nice To Meet You Again! (1)
✓ [241/1242] Ch.807: 807 — It Is So Fucking Nice To Meet You Again! (2)
✓ [242/1242] Ch.808: 808 — It Is So Fucking Nice To Meet You Again! (3)
✓ [243/1242] Ch.809: 809 — It Is So Fucking Nice To Meet You Again! (4)
✓ [244/1242] Ch.810: 810 — It Is So Fucking Nice To Meet You Again! (5)
✓ [245/1242] Ch.811: 811 — I Will Handle It All, You Bastard! (1)
✓ [246/1242] Ch.812: 812 — I Will Handle It All, You Bastard! (2)
✓ [247/1242] Ch.813: 813 — I Will Handle It All, You Bastard! (3)
✓ [248/1242] Ch.814: 814 — I Will Handle It All, You Bastard! (4)
✓ [249/1242] Ch.815: 815 — I Will Handle It All, You Bastard! (5)
✓ [250/1242] Ch.816: 816 — My Kids Are A Little Rough (1)
✓ [251/1242] Ch.817: 817 — My Kids Are A Little Rough (2)
✓ [252/1242] Ch.818: 818 — My Kids Are A Little Rough (3)
✓ [253/1242] Ch.819: 819 — My Kids Are A Little Rough (4)
✓ [254/1242] Ch.820: 820 — My Kids Are A Little Rough (5)
✓ [255/1242] Ch.821: 821 — I Won This War (1)
✓ [256/1242] Ch.822: 822 — I Won This War (2)
✓ [257/1242] Ch.823: 823 — I Won This War (3)
✓ [258/1242] Ch.824: 824 — I Won This War (4)
✓ [259/1242] Ch.825: 825 — I Won This War (5)
✓ [260/1242] Ch.826: 826 — Where Are The Others Now? (1)
✓ [261/1242] Ch.827: 827 — Where Are The Others Now? (2)
✓ [262/1242] Ch.828: 828 — Where Are The Others Now? (3)
✓ [263/1242] Ch.829: 829 — Where Are The Others Now? (4)
✓ [264/1242] Ch.830: 830 — Where Are The Others Now? (5)
✓ [265/1242] Ch.831: 831 — Go And Argue About It With Your Own Heads (1)
✓ [266/1242] Ch.832: 832 — Go And Argue About It With Your Own Heads (2)
✓ [267/1242] Ch.833: 833 — Go And Argue About It With Your Own Heads (3)
✓ [268/1242] Ch.834: 834 — Go And Argue About It With Your Own Heads (4)
✓ [269/1242] Ch.835: 835 — Go And Argue About It With Your Own Heads (5)
✓ [270/1242] Ch.836: 836 — The Agreement Papers Are Still There (1)
✓ [271/1242] Ch.837: 837 — The Agreement Papers Are Still There (2)
✓ [272/1242] Ch.838: 838 — The Agreement Papers Are Still There (3)
✓ [273/1242] Ch.839: 839 — The Agreement Papers Are Still There (4)
✓ [274/1242] Ch.840: 840 — The Agreement Papers Are Still There (5)
✓ [275/1242] Ch.841: 841 — There Is A Limit To Messing With People! (1)
✓ [276/1242] Ch.842: 842 — There Is A Limit To Messing With People! (2)
✓ [277/1242] Ch.843: 843 — There Is A Limit To Messing With People! (3)
✓ [278/1242] Ch.844: 844 — There Is A Limit To Messing With People! (4)
✓ [279/1242] Ch.845: 845 — There Is A Limit To Messing With People! (5)
✓ [280/1242] Ch.846: 846 — Mount Hua Without You Isn't Mount Hua. (1)
✓ [281/1242] Ch.847: 847 — Mount Hua Without You Isn't Mount Hua. (2)
✓ [282/1242] Ch.848: 848 — Mount Hua Without You Isn't Mount Hua. (3)
✓ [283/1242] Ch.849: 849 — Mount Hua Without You Isn’t Mount Hua. (4)
✓ [284/1242] Ch.850: 850 — Mount Hua Without You Isn't Mount Hua. (5)
✓ [285/1242] Ch.851: 851 — I Just Came Though? (1)
✓ [286/1242] Ch.852: 852 — I Just Came Though? (2)
✓ [287/1242] Ch.853: 853 — I Just Came Though? (3)
✓ [288/1242] Ch.854: 854 — I Just Came Though? (4)
✓ [289/1242] Ch.855: 855 — I Just Came Though? (5)
✓ [290/1242] Ch.856: 856 — Mount Hua Will Get Stronger (1)
✓ [291/1242] Ch.857: 857 — Mount Hua Will Get Stronger. (2)
✓ [292/1242] Ch.858: 858 — Mount Hua Will Get Stronger. (3)
✓ [293/1242] Ch.859: 859 — Mount Hua Will Get Stronger. (4)
✓ [294/1242] Ch.860: 860 — Mount Hua Will Get Stronger. (5)
✓ [295/1242] Ch.861: 861 — Even If You Don't Know Where You Are, Know Your Place (1)
✓ [296/1242] Ch.862: 862 — Even If I Don't Know Where You Are, I Know Where You Belong (2)
✓ [297/1242] Ch.863: 863 — Even If I Don't Know Where You Are, I Know Where You Belong (3)
✓ [298/1242] Ch.864: 864 — Even If I Don't Know Where You Are, I Know Where You Belong (4)
✓ [299/1242] Ch.865: 865 — Even If I Don't Know Where You Are, I Know Where You Belong (5)
✓ [300/1242] Ch.866: 866 — This Is The Land Of Mount Hua (1)
✓ [301/1242] Ch.867: 867 — This Is The Land Of Mount Hua. (2)
✓ [302/1242] Ch.868: 868 — This Is The Land Of Mount Hua. (3)
✓ [303/1242] Ch.869: 869 — This Is The Land Of Mount Hua. (4)
✓ [304/1242] Ch.870: 870 — This Is The Land Of Mount Hua. (5)
✓ [305/1242] Ch.871: 871 — This Is The Land Of Mount Hua. (6)
✓ [306/1242] Ch.872: 872 — How Do You Want To Die? (1)
✓ [307/1242] Ch.873: 873 — How Do You Want To Die? (2)
✓ [308/1242] Ch.874: 874 — How Do You Want To Die? (3)
✓ [309/1242] Ch.875: 875 — How Do You Want To Die? (4)
✓ [310/1242] Ch.876: 876 — Die Like A Bug (1)
✓ [311/1242] Ch.877: 877 — Die Like A Bug (2)
✓ [312/1242] Ch.878: 878 — Die Like A Bug (3)
✓ [313/1242] Ch.879: 879 — Die Like A Bug (4)
✓ [314/1242] Ch.880: 880 — Die Like A Bug (5)
✓ [315/1242] Ch.881: 881 — Those Drunk In The Past Are Dead (1)
✓ [316/1242] Ch.882: 882 — Those Drunk On The Past Are Dead (2)
✓ [317/1242] Ch.883: 883 — Those Drunk On The Past Are Dead (3)
✓ [318/1242] Ch.884: 884 — Those Drunk On The Past Are Dead (4)
✓ [319/1242] Ch.885: 885 — Those Drunk On The Past Are Dead (5)
✓ [320/1242] Ch.886: 886 — We Will Meet Again Soon (1)
✓ [321/1242] Ch.887: 887 — We Will Meet Again Soon (2)
✓ [322/1242] Ch.888: 888 — We Will Meet Again Soon (3)
✓ [323/1242] Ch.889: 889 — We Will Meet Again Soon (4)
✓ [324/1242] Ch.890: 890 — We Will Meet Again Soon (5)
✓ [325/1242] Ch.891: 891 — It Is Better To Die Than To Not Possess It (1)
✓ [326/1242] Ch.892: 892 — It Is Better To Die Than To Not Possess It (2)
✓ [327/1242] Ch.893: 893 — It Is Better To Die Than To Not Possess It (3)
✓ [328/1242] Ch.894: 894 — It Is Better To Die Than To Not Possess It (4)
✓ [329/1242] Ch.895: 895 — It Is Better To Die Than To Not Possess It (5)
✓ [330/1242] Ch.896: 896 — I Thought You Would Come As A Dragon (1)
✓ [331/1242] Ch.897: 897 — I Thought You Would Come As A Dragon (2)
✓ [332/1242] Ch.898: 898 — I Thought You Would Come As A Dragon (3)
✓ [333/1242] Ch.899: 899 — I Thought You Would Come As A Dragon (4)
✓ [334/1242] Ch.900: 900 — I Thought You Would Come As A Dragon (5)
✓ [335/1242] Ch.901: 901 — Welcome Back, Mount Hua's Sword Saint (1)
✓ [336/1242] Ch.902: 902 — Welcome Back, Mount Hua's Sword Saint (2)
✓ [337/1242] Ch.903: 903 — Welcome Back, Mount Hua's Sword Saint (3)
✓ [338/1242] Ch.904: 904 — Welcome Back, Mount Hua's Sword Saint (4)
✓ [339/1242] Ch.905: 905 — Welcome Back, Mount Hua's Sword Saint (5)
✓ [340/1242] Ch.906: 906 — Let A Bite Of This Now! (1)
✓ [341/1242] Ch.907: 907 — Let A Bite Of This Now! (2)
✓ [342/1242] Ch.908: 908 — Let A Bite Of This Now! (3)
✓ [343/1242] Ch.909: 909 — Let A Bite Of This Now! (4)
✓ [344/1242] Ch.910: 910 — Let A Bite Of This Now! (5)
✓ [345/1242] Ch.911: 911 — There Is No Such Thing As A Fight Between Two Evil Spirits (1)
✓ [346/1242] Ch.912: 912 — There Is No Such Thing As A Fight Between 2 Evil Spirits (2)
✓ [347/1242] Ch.913: 913 — There Is No Such Thing As A Fight Between 2 Evil Spirits (3)
✓ [348/1242] Ch.914: 914 — There Is No Such Thing As A Fight Between 2 Evil Spirits (4)
✓ [349/1242] Ch.915: 915 — There Is No Such Thing As A Fight Between 2 Evil Spirits (5)
✓ [350/1242] Ch.916: 916 — There He Was, That Crazy Guy! (1)
✓ [351/1242] Ch.917: 917 — There He Was, That Crazy Guy! (2)
✓ [352/1242] Ch.918: 918 — There He Was, That Crazy Guy! (3)
✓ [353/1242] Ch.919: 919 — There He Was, That Crazy Guy! (4)
✓ [354/1242] Ch.920: 920 — There He Was, That Crazy Guy! (5)
✓ [355/1242] Ch.921: 921 — Woah, You Really Have No Shame. (1)
✓ [356/1242] Ch.922: 922 — Woah, You Really Have No Shame. (2)
✓ [357/1242] Ch.923: 923 — Woah, You Really Have No Shame. (3)
✓ [358/1242] Ch.924: 924 — Woah, You Really Have No Shame. (4)
✓ [359/1242] Ch.925: 925 — Woah, You Really Have No Shame. (5)
✓ [360/1242] Ch.926: 926 — My Role Is. (1)
✓ [361/1242] Ch.927: 927 — My Role Is. (2)
✓ [362/1242] Ch.928: 928 — My Role Is. (3)
✓ [363/1242] Ch.929: 929 — My Role Is. (4)
✓ [364/1242] Ch.930: 930 — My Role Is. (5)
✓ [365/1242] Ch.931: 931 — It Might Have Already Started. (1)
✓ [366/1242] Ch.932: 932 — It Might Have Already Started. (2)
✓ [367/1242] Ch.933: 933 — It Might Have Already Started. (3)
✓ [368/1242] Ch.934: 934 — It Might Have Already Started. (4)
✓ [369/1242] Ch.935: 935 — It Might Have Already Started. (5)
✓ [370/1242] Ch.936: 936 — Were You Expecting Anything? (1)
✓ [371/1242] Ch.937: 937 — Were You Expecting Anything? (2)
✓ [372/1242] Ch.938: 938 — Were You Expecting Anything? (3)
✓ [373/1242] Ch.939: 939 — Were You Expecting Anything? (4)
✓ [374/1242] Ch.940: 940 — Were You Expecting Anything? (5)
✓ [375/1242] Ch.941: 941 — Were You Expecting Anything? (6)
✓ [376/1242] Ch.942: 942 — I Need To Show You What True Despair Is. (1)
✓ [377/1242] Ch.943: 943 — I Need To Show You What True Despair Is. (2)
✓ [378/1242] Ch.944: 944 — I Need To Show You What True Despair Is. (3)
✓ [379/1242] Ch.945: 945 — I Need To Show You What True Despair Is. (4)
✓ [380/1242] Ch.946: 946 — I Need To Show You What True Despair Is. (5)
✓ [381/1242] Ch.947: 947 — How Can A Person Be Like This? (1)
✓ [382/1242] Ch.948: 948 — How Can A Person Be Like This? (2)
✓ [383/1242] Ch.949: 949 — How Can A Person Be Like This? (3)
✓ [384/1242] Ch.950: 950 — How Can A Person Be Like This? (4)
✓ [385/1242] Ch.951: 951 — Do Not Bow Your Head. (1)
✓ [386/1242] Ch.952: 952 — Do Not Bow Your Head. (2)
✓ [387/1242] Ch.953: 953 — Do Not Bow Your Head. (3)
✓ [388/1242] Ch.954: 954 — Do Not Bow Your Head. (4)
✓ [389/1242] Ch.955: 955 — Do Not Bow Your Head. (5)
✓ [390/1242] Ch.956: 956 — Do Not Bow Your Head. (6)
✓ [391/1242] Ch.957: 957 — Where Is Mount Hua? (1)
✓ [392/1242] Ch.958: 958 — Where Is Mount Hua? (2)
✓ [393/1242] Ch.959: 959 — Where Is Mount Hua? (3)
✓ [394/1242] Ch.960: 960 — Where Is Mount Hua? (4)
✓ [395/1242] Ch.961: 961 — I Will Not Disappoint You. (1)
✓ [396/1242] Ch.962: 962 — I Will Not Disappoint You. (2)
✓ [397/1242] Ch.963: 963 — I Will Not Disappoint You. (3)
✓ [398/1242] Ch.964: 964 — I Will Not Disappoint You. (4)
✓ [399/1242] Ch.965: 965 — I Will Not Disappoint You. (5)
✓ [400/1242] Ch.966: 966 — The Fight You Started. (1)
✓ [401/1242] Ch.967: 967 — The Fight You Started. (2)
✓ [402/1242] Ch.968: 968 — The Fight You Started. (3)
✓ [403/1242] Ch.969: 969 — The Fight You Started. (4)
✓ [404/1242] Ch.970: 970 — The Fight You Started. (5)
✓ [405/1242] Ch.971: 971 — Know That This Is Glory, Kid. (1)
✓ [406/1242] Ch.972: 972 — Know That This Is Glory, Kid. (2)
✓ [407/1242] Ch.973: 973 — Know That This Is Glory, Kid. (3)
✓ [408/1242] Ch.974: 974 — Know That This Is Glory, Kid. (4)
✓ [409/1242] Ch.975: 975 — Know That This Is Glory, Kid. (5)
✓ [410/1242] Ch.976: 976 — There Is No Way I Wouldn't Believe. (1)
✓ [411/1242] Ch.977: 977 — There Is No Way I Wouldn't Believe. (2)
✓ [412/1242] Ch.978: 978 — There Is No Way I Wouldn't Believe. (3)
✓ [413/1242] Ch.979: 979 — There Is No Way I Wouldn't Believe. (4)
✓ [414/1242] Ch.980: 980 — There Is No Way I Wouldn't Believe. (5)
✓ [415/1242] Ch.981: 981 — This Is Why The World Is So Interesting. (1)
✓ [416/1242] Ch.982: 982 — This Is Why The World Is So Interesting. (2)
✓ [417/1242] Ch.983: 983 — This Is Why The World Is So Interesting. (3)
✓ [418/1242] Ch.984: 984 — This Is Why The World Is So Interesting. (4)
✓ [419/1242] Ch.985: 985 — This Is Why The World Is So Interesting. (5)
✓ [420/1242] Ch.986: 986 — We Saw Nothing. (1)
✓ [421/1242] Ch.987: 987 — We Saw Nothing. (2)
✓ [422/1242] Ch.988: 988 — We Saw Nothing. (3)
✓ [423/1242] Ch.989: 989 — We Saw Nothing. (4)
✓ [424/1242] Ch.990: 990 — We Saw Nothing. (5)
✓ [425/1242] Ch.991: 991 — What Kind Of Riches And Honors Will I Enjoy? (1)
✓ [426/1242] Ch.992: 992 — What Kind Of Riches And Honors Will I Enjoy? (2)
✓ [427/1242] Ch.993: 993 — What Kind Of Riches And Honors Will I Enjoy? (3)
✓ [428/1242] Ch.994: 994 — What Kind Of Riches And Honors Will I Enjoy? (4)
✓ [429/1242] Ch.995: 995 — What Kind Of Riches And Honors Will I Enjoy? (5)
✓ [430/1242] Ch.996: 996 — Just Leave It Alone. (1)
✓ [431/1242] Ch.997: 997 — Just Leave It Alone. (2)
✓ [432/1242] Ch.998: 998 — Just Leave It Alone. (3)
✓ [433/1242] Ch.999: 999 — Just Leave It Alone. (4)
✓ [434/1242] Ch.1000: 1000 — Just Leave It Alone. (5)
✓ [435/1242] Ch.1001: 1001 — Anew. (1)
✓ [436/1242] Ch.1002: 1002 — Anew. (2)
✓ [437/1242] Ch.1003: 1003 — Anew. (3)
✓ [438/1242] Ch.1004: 1004 — Anew. (4)
✓ [439/1242] Ch.1005: 1005 — Anew. (5)
✓ [440/1242] Ch.1006: 1006 — Anew. (6)
✓ [441/1242] Ch.1007: 1007 — Becoming An Adult. (1)
✓ [442/1242] Ch.1008: 1008 — Becoming An Adult. (2)
✓ [443/1242] Ch.1009: 1009 — Becoming An Adult. (3)
✓ [444/1242] Ch.1010: 1010 — Becoming An Adult. (4)
✓ [445/1242] Ch.1011: 1011 — You Caught Me Today. (1)
✓ [446/1242] Ch.1012: 1012 — You Caught Me Today. (2)
✓ [447/1242] Ch.1013: 1013 — You Caught Me Today. (3)
✓ [448/1242] Ch.1014: 1014 — You Caught Me Today. (4)
✓ [449/1242] Ch.1015: 1015 — You Caught Me Today. (5)
✓ [450/1242] Ch.1016: 1016 — What Did You Just Say? (1)
✓ [451/1242] Ch.1017: 1017 — What Did You Just Say? (2)
✓ [452/1242] Ch.1018: 1018 — What Did You Just Say? (3)
✓ [453/1242] Ch.1019: 1019 — What Did You Just Say? (4)
✓ [454/1242] Ch.1020: 1020 — What Did You Just Say? (5)
✓ [455/1242] Ch.1021: 1021 — What Did You Just Say? (6)
✓ [456/1242] Ch.1022: 1022 — What Did You Just Say? (7)
✓ [457/1242] Ch.1023: 1023 — What Did You Just Say? (8)
✓ [458/1242] Ch.1024: 1024 — What Did You Just Say? (9)
✓ [459/1242] Ch.1025: 1025 — What Did You Just Say? (10)
✓ [460/1242] Ch.1026: 1026 — But I Can Understand (1)
✓ [461/1242] Ch.1027: 1027 — But I Can Understand (2)
✓ [462/1242] Ch.1028: 1028 — But I Can Understand (3)
✓ [463/1242] Ch.1029: 1029 — But I Can Understand (4)
✓ [464/1242] Ch.1030: 1030 — But I Can Understand (5)
✓ [465/1242] Ch.1031: 1031 — We Are Not Next To It. (1)
✓ [466/1242] Ch.1032: 1032 — We Are Not Next To It. (2)
✓ [467/1242] Ch.1033: 1033 — We Are Not Next To It. (3)
✓ [468/1242] Ch.1034: 1034 — We Are Not Next To It. (4)
✓ [469/1242] Ch.1035: 1035 — We Are Not Next To It. (5)
✓ [470/1242] Ch.1036: 1036 — You Will Know Too. (1)
✓ [471/1242] Ch.1037: 1037 — You Will Know Too. (2)
✓ [472/1242] Ch.1038: 1038 — You Will Know Too. (3)
✓ [473/1242] Ch.1039: 1039 — You Will Know Too. (4)
✓ [474/1242] Ch.1040: 1040 — You Will Know Too. (5)
✓ [475/1242] Ch.1041: 1041 — Kill Or Be Killed. (1)
✓ [476/1242] Ch.1042: 1042 — Kill Or Be Killed. (2)
✓ [477/1242] Ch.1043: 1043 — Kill Or Be Killed. (3)
✓ [478/1242] Ch.1044: 1044 — Kill Or Be Killed. (4)
✓ [479/1242] Ch.1045: 1045 — Kill Or Be Killed. (5)
✓ [480/1242] Ch.1046: 1046 — So I Was A Madman Too. (1)
✓ [481/1242] Ch.1047: 1047 — So I Was A Madman Too. (2)
✓ [482/1242] Ch.1048: 1048 — So I Was A Madman Too. (3)
✓ [483/1242] Ch.1049: 1049 — So I Was A Madman Too. (4)
✓ [484/1242] Ch.1050: 1050 — So I Was A Madman Too. (5)
✓ [485/1242] Ch.1051: 1051 — So I Was A Madman Too. (6)
✓ [486/1242] Ch.1052: 1052 — So I Was A Madman Too. (7)
✓ [487/1242] Ch.1053: 1053 — So I Was A Madman Too. (8)
✓ [488/1242] Ch.1054: 1054 — So I Was A Madman Too. (9)
✓ [489/1242] Ch.1055: 1055 — So I Was A Madman Too. (10)
✓ [490/1242] Ch.1056: 1056 — Your Voice Can’t Reach Me. (1)
✓ [491/1242] Ch.1057: 1057 — Your Voice Can’t Reach Me. (2)
✓ [492/1242] Ch.1058: 1058 — Your Voice Can’t Reach Me. (3)
✓ [493/1242] Ch.1059: 1059 — Your Voice Can’t Reach Me. (4)
✓ [494/1242] Ch.1060: 1060 — Your Voice Can’t Reach Me. (5)
✓ [495/1242] Ch.1061: 1061 — Is This How You Do It? (1)
✓ [496/1242] Ch.1062: 1062 — Is This How You Do It? (2)
✓ [497/1242] Ch.1063: 1063 — Is This How You Do It? (3)
✓ [498/1242] Ch.1064: 1064 — Is This How You Do It? (4)
✓ [499/1242] Ch.1065: 1065 — Is This How You Do It? (5)
✓ [500/1242] Ch.1066: 1066 — I Said Try To Kill Me? (1)
✓ [501/1242] Ch.1067: 1067 — I Said Try To Kill Me? (2)
✓ [502/1242] Ch.1068: 1068 — I Said Try To Kill Me? (3)
✓ [503/1242] Ch.1069: 1069 — I Said Try To Kill Me? (4)
✓ [504/1242] Ch.1070: 1070 — I Said Try To Kill Me? (5)
✓ [505/1242] Ch.1071: 1071 — Who Made The Mistake? (1)
✓ [506/1242] Ch.1072: 1072 — Who Made The Mistake? (2)
✓ [507/1242] Ch.1073: 1073 — Who Made The Mistake? (3)
✓ [508/1242] Ch.1074: 1074 — Who Made The Mistake? (4)
✓ [509/1242] Ch.1075: 1075 — Who Made The Mistake? (5)
✓ [510/1242] Ch.1076: 1076 — Next, It Will Be Your Head. (1)
✓ [511/1242] Ch.1077: 1077 — Next, It Will Be Your Head. (2)
✓ [512/1242] Ch.1078: 1078 — Next, It Will Be Your Head. (3)
✓ [513/1242] Ch.1079: 1079 — Next, It Will Be Your Head. (4)
✓ [514/1242] Ch.1080: 1080 — Next, It Will Be Your Head. (5)
✓ [515/1242] Ch.1081: 1081 — Since It Is The Duty Of The One Who Is A Taoist. (1)
✓ [516/1242] Ch.1082: 1082 — Since It Is The Duty Of The One Who Is A Taoist. (2)
✓ [517/1242] Ch.1083: 1083 — Since It Is The Duty Of The One Who Is A Taoist. (3)
✓ [518/1242] Ch.1084: 1084 — Since It Is The Duty Of The One Who Is A Taoist. (4)
✓ [519/1242] Ch.1085: 1085 — Since It Is The Duty Of The One Who Is A Taoist. (5)
✓ [520/1242] Ch.1086: 1086 — What Sin Did I Commit In My Previous Life? (1)
✓ [521/1242] Ch.1087: 1087 — What Sin Did I Commit In My Previous Life? (2)
✓ [522/1242] Ch.1088: 1088 — What Sin Did I Commit In My Previous Life? (3)
✓ [523/1242] Ch.1089: 1089 — What Sin Did I Commit In My Previous Life? (4)
✓ [524/1242] Ch.1090: 1090 — What Sin Did I Commit In My Previous Life? (5)
✓ [525/1242] Ch.1091: 1091 — Did I Overstate It A Bit? (1)
✓ [526/1242] Ch.1092: 1092 — Did I Overstate It A Bit? (2)
✓ [527/1242] Ch.1093: 1093 — Did I Overstate It A Bit? (3)
✓ [528/1242] Ch.1094: 1094 — Did I Overstate It A Bit? (4)
✓ [529/1242] Ch.1095: 1095 — Did I Overstate It A Bit? (5)
✓ [530/1242] Ch.1096: 1096 — The Mount Hua Fire In All Of Central Plains? (1)
✓ [531/1242] Ch.1097: 1097 — The Mount Hua Fire In All Of Central Plains? (2)
✓ [532/1242] Ch.1098: 1098 — The Mount Hua Fire In All Of Central Plains? (3)
✓ [533/1242] Ch.1099: 1099 — The Mount Hua Fire In All Of Central Plains? (4)
✓ [534/1242] Ch.1100: 1100 — The Mount Hua Fire In All Of Central Plains? (5)
✓ [535/1242] Ch.1101: 1101 — If The Reward Is Like This, It Is Worth Receiving (1)
✓ [536/1242] Ch.1102: 1102 — If The Reward Is Like This, It Is Worth Receiving (2)
✓ [537/1242] Ch.1103: 1103 — If The Reward Is Like This, It Is Worth Receiving (3)
✓ [538/1242] Ch.1104: 1104 — If The Reward Is Like This, It Is Worth Receiving (4)
✓ [539/1242] Ch.1105: 1105 — If The Reward Is Like This, It Is Worth Receiving (5)
✓ [540/1242] Ch.1106: 1106 — Sometimes He Gives Me Goosebumps (1)
✓ [541/1242] Ch.1107: 1107 — Sometimes He Gives Me Goosebumps (2)
✓ [542/1242] Ch.1108: 1108 — Sometimes He Gives Me Goosebumps (3)
✓ [543/1242] Ch.1109: 1109 — Sometimes He Gives Me Goosebumps (4)
✓ [544/1242] Ch.1110: 1110 — Sometimes He Gives Me Goosebumps (5)
✓ [545/1242] Ch.1111: 1111 — Can I Do Well? (1)
✓ [546/1242] Ch.1112: 1112 — Can I Do Well? (2)
✓ [547/1242] Ch.1113: 1113 — Can I Do Well? (3)
✓ [548/1242] Ch.1114: 1114 — Can I Do Well? (4)
✓ [549/1242] Ch.1115: 1115 — Can I Do Well? (5)
✓ [550/1242] Ch.1116: 1116 — I Have Prepared For All That (1)
✓ [551/1242] Ch.1117: 1117 — I Have Prepared For All That (2)
✓ [552/1242] Ch.1118: 1118 — I Have Prepared For All That! (3)
✓ [553/1242] Ch.1119: 1119 — I Have Prepared For All That! (4)
✓ [554/1242] Ch.1120: 1120 — I Have Prepared For All That! (5)
✓ [555/1242] Ch.1121: 1121 — When A Friend Calls, You Have To Come. (1)
✓ [556/1242] Ch.1122: 1122 — When A Friend Calls, You Have To Come. (2)
✓ [557/1242] Ch.1123: 1123 — When A Friend Calls, You Have To Come. (3)
✓ [558/1242] Ch.1124: 1124 — When A Friend Calls, You Have To Come. (4)
✓ [559/1242] Ch.1125: 1125 — When A Friend Calls, You Have To Come. (5)
✓ [560/1242] Ch.1126: 1126 — This Place, This Is Hell. (1)
✓ [561/1242] Ch.1127: 1127 — This Place, This Is Hell. (2)
✓ [562/1242] Ch.1128: 1128 — This Place, This Is Hell. (3)
✓ [563/1242] Ch.1129: 1129 — This Place, This Is Hell. (4)
✓ [564/1242] Ch.1130: 1130 — This Place, This Is Hell. (5)
✓ [565/1242] Ch.1131: 1131 — Let’s Try To Get Along Together! (1)
✓ [566/1242] Ch.1132: 1132 — Let’s Try To Get Along Together! (2)
✓ [567/1242] Ch.1133: 1133 — Let’s Try To Get Along Together! (3)
✓ [568/1242] Ch.1134: 1134 — Let’s Try To Get Along Together ! (4)
✓ [569/1242] Ch.1135: 1135 — Let’s Try To Get Along Together ! (5)
✓ [570/1242] Ch.1136: 1136 — Still, What Can We Do? (1)
✓ [571/1242] Ch.1137: 1137 — Still, What Can We Do? (2)
✓ [572/1242] Ch.1138: 1138 — Still, What Can We Do? (3)
✓ [573/1242] Ch.1139: 1139 — Still, What Can We Do? (4)
✓ [574/1242] Ch.1140: 1140 — Still, What Can We Do? (5)
✓ [575/1242] Ch.1141: 1141 — Still, What Can We Do? (6)
✓ [576/1242] Ch.1142: 1142 — Did You Bring It? (1)
✓ [577/1242] Ch.1143: 1143 — Did You Bring It? (2)
✓ [578/1242] Ch.1144: 1144 — Did You Bring It? (3)
✓ [579/1242] Ch.1145: 1145 — Did You Bring It? (4)
✓ [580/1242] Ch.1146: 1146 — I’ve Done Everything I Needed To. (1)
✓ [581/1242] Ch.1147: 1147 — I’ve Done Everything I Needed To. (2)
✓ [582/1242] Ch.1148: 1148 — I’ve Done Everything I Needed To. (3)
✓ [583/1242] Ch.1149: 1149 — I’ve Done Everything I Needed To. (4)
✓ [584/1242] Ch.1150: 1150 — I’ve Done Everything I Needed To. (5)
✓ [585/1242] Ch.1151: 1151 — Well, If It’s Absolutely Necessary. (1)
✓ [586/1242] Ch.1152: 1152 — Well, If It’s Absolutely Necessary. (2)
✓ [587/1242] Ch.1153: 1153 — Well, If It’s Absolutely Necessary. (3)
✓ [588/1242] Ch.1154: 1154 — Well, If It’s Absolutely Necessary. (4)
✓ [589/1242] Ch.1155: 1155 — Well, If It’s Absolutely Necessary. (5)
✓ [590/1242] Ch.1156: 1156 — A Sect Abandoned By All Of Justice Faction. (1)
✓ [591/1242] Ch.1157: 1157 — A Sect Abandoned By All Of Justice Faction. (2)
✓ [592/1242] Ch.1158: 1158 — A Sect Abandoned By All Of Justice Faction. (3)
✓ [593/1242] Ch.1159: 1159 — A Sect Abandoned By All Of Justice Faction. (4)
✓ [594/1242] Ch.1160: 1160 — A Sect Abandoned By All Of Justice Faction. (5)
✓ [595/1242] Ch.1161: 1161 — What Should We Do. (1)
✓ [596/1242] Ch.1162: 1162 — What Should We Do. (2)
✓ [597/1242] Ch.1163: 1163 — What Should We Do. (3)
✓ [598/1242] Ch.1164: 1164 — What Should We Do. (4)
✓ [599/1242] Ch.1165: 1165 — What Should We Do. (5)
✓ [600/1242] Ch.1166: 1166 — Was I Really Wrong? (1)
✓ [601/1242] Ch.1167: 1167 — Was I Really Wrong? (2)
✓ [602/1242] Ch.1168: 1168 — Was I Really Wrong? (3)
✓ [603/1242] Ch.1169: 1169 — Was I Really Wrong? (4)
✓ [604/1242] Ch.1170: 1170 — Was I Really Wrong? (5)
✓ [605/1242] Ch.1171: 1171 — The Man Who Can’t Answer (1)
✓ [606/1242] Ch.1172: 1172 — The Man Who Can’t Answer (2)
✓ [607/1242] Ch.1173: 1173 — The Man Who Can’t Answer (3)
✓ [608/1242] Ch.1174: 1174 — The Man Who Can’t Answer (4)
✓ [609/1242] Ch.1175: 1175 — The Man Who Can’t Answer (5)
✓ [610/1242] Ch.1176: 1176 — I Have Something To Tell You (1)
✓ [611/1242] Ch.1177: 1177 — I Have Something To Tell You (2)
✓ [612/1242] Ch.1178: 1178 — I Have Something To Tell You (3)
✓ [613/1242] Ch.1179: 1179 — I Have Something To Tell You (4)
✓ [614/1242] Ch.1180: 1180 — I Have Something To Tell You (5)
✓ [615/1242] Ch.1181: 1181 — I Have Something To Tell You (6)
✓ [616/1242] Ch.1182: 1182 — I Will Endure It (1)
✓ [617/1242] Ch.1183: 1183 — I Will Endure It (2)
✓ [618/1242] Ch.1184: 1184 — I Will Endure It (3)
✓ [619/1242] Ch.1185: 1185 — I Will Endure It (4)
✓ [620/1242] Ch.1186: 1186 — The Path We Will Continue To Walk (1)
✓ [621/1242] Ch.1187: 1187 — The Path We Will Continue To Walk (2)
✓ [622/1242] Ch.1188: 1188 — The Path We Will Continue To Walk (3)
✓ [623/1242] Ch.1189: 1189 — The Path We Will Continue To Walk (4)
✓ [624/1242] Ch.1190: 1190 — The Path We Will Continue To Walk (5)
✓ [625/1242] Ch.1191: 1191 — Why Did It Turn Out Like This? (1)
✓ [626/1242] Ch.1192: 1192 — Why Did It Turn Out Like This? (2)
✓ [627/1242] Ch.1193: 1193 — Why Did It Turn Out Like This? (3)
✓ [628/1242] Ch.1194: 1194 — Why Did It Turn Out Like This? (4)
✓ [629/1242] Ch.1195: 1195 — Why Did It Turn Out Like This? (5)
✓ [630/1242] Ch.1196: 1196 — How On Earth Did You Endure This? (1)
✓ [631/1242] Ch.1197: 1197 — How On Earth Did You Endure This? (2)
✓ [632/1242] Ch.1198: 1198 — How On Earth Did You Endure This? (3)
✓ [633/1242] Ch.1199: 1199 — How On Earth Did You Endure This? (4)
✓ [634/1242] Ch.1200: 1200 — How On Earth Did You Endure This? (5)
✓ [635/1242] Ch.1201: 1201 — What On Earth Is Different? (1)
✓ [636/1242] Ch.1202: 1202 — What On Earth Is Different? (2)
✓ [637/1242] Ch.1203: 1203 — What On Earth Is Different? (3)
✓ [638/1242] Ch.1204: 1204 — What On Earth Is Different? (4)
✓ [639/1242] Ch.1205: 1205 — What On Earth Is Different? (5)
✓ [640/1242] Ch.1206: 1206 — Now The Sect Is Finally Getting Back On Track (1)
✓ [641/1242] Ch.1207: 1207 — Now The Sect Is Finally Getting Back On Track (2)
✓ [642/1242] Ch.1208: 1208 — Now The Sect Is Finally Getting Back On Track (3)
✓ [643/1242] Ch.1209: 1209 — Now The Sect Is Finally Getting Back On Track (4)
✓ [644/1242] Ch.1210: 1210 — Now The Sect Is Finally Getting Back On Track (5)
✓ [645/1242] Ch.1211: 1211 — It Can’t Get Worse Than This. (1)
✓ [646/1242] Ch.1212: 1212 — It Can’t Get Worse Than This. (2)
✓ [647/1242] Ch.1213: 1213 — It Can’t Get Worse Than This. (3)
✓ [648/1242] Ch.1214: 1214 — It Can’t Get Worse Than This. (4)
✓ [649/1242] Ch.1215: 1215 — It Can’t Get Worse Than This. (5)
✓ [650/1242] Ch.1216: 1216 — Who Will Help? (1)
✓ [651/1242] Ch.1217: 1217 — Who Will Help? (2)
✓ [652/1242] Ch.1218: 1218 — Who Will Help? (3)
✓ [653/1242] Ch.1219: 1219 — Who Will Help? (4)
✓ [654/1242] Ch.1220: 1220 — Who Will Help? (5)
✓ [655/1242] Ch.1221: 1221 — Is This Even Allowed? (1)
✓ [656/1242] Ch.1222: 1222 — Is This Even Allowed? (2)
✓ [657/1242] Ch.1223: 1223 — Is This Even Allowed? (3)
✓ [658/1242] Ch.1224: 1224 — Is This Even Allowed? (4)
✓ [659/1242] Ch.1225: 1225 — Is This Even Allowed? (5)
✓ [660/1242] Ch.1226: 1226 — I Don’t Know. (1)
✓ [661/1242] Ch.1227: 1227 — I Don’t Know. (2)
✓ [662/1242] Ch.1228: 1228 — I Don’t Know. (3)
✓ [663/1242] Ch.1229: 1229 — I Don’t Know. (4)
✓ [664/1242] Ch.1230: 1230 — I Don’t Know. (5)
✓ [665/1242] Ch.1231: 1231 — That’s What They Say? (1)
✓ [666/1242] Ch.1232: 1232 — That’s What They Say? (2)
✓ [667/1242] Ch.1233: 1233 — That’s What They Say? (3)
✓ [668/1242] Ch.1234: 1234 — That’s What They Say? (4)
✓ [669/1242] Ch.1235: 1235 — That’s What They Say? (5)
✓ [670/1242] Ch.1236: 1236 — Who Did You Say Has Come? (1)
✓ [671/1242] Ch.1237: 1237 — Who Did You Say Has Come? (2)
✓ [672/1242] Ch.1238: 1238 — Who Did You Say Has Come? (3)
✓ [673/1242] Ch.1239: 1239 — Who Did You Say Has Come? (4)
✓ [674/1242] Ch.1240: 1240 — Who Did You Say Has Come? (5)
✓ [675/1242] Ch.1241: 1241 — Is That Really All? (1)
✓ [676/1242] Ch.1242: 1242 — Is That Really All? (2)

Done. 676/1242 chapters in /Users/macbook/Documents/webnovel/light-novel-reader/public/chapters/
